FAIL src/components/KDSTable.test.tsx
  SDKTable Component Coverage
    ΓêÜ navigates search and clears (line 279-281) (206 ms)
    ΓêÜ covers basic filters and search interactions (33 ms)
    ΓêÜ covers navigation detail (line 234) (6 ms)
    handleUpdateStatus (Lines 125-180)
      ΓêÜ covers status 2 -> 3 logical branch (line 130-145) (8 ms)
      ΓêÜ covers status 3 -> 4 navigation (line 148-157) (7 ms)
      ΓêÜ covers status 1 -> 2 notification (line 173-175) (6 ms)
      ΓêÜ covers default switch status (line 85-86) (6 ms)
      ├ù covers updateOrderStatus.rejected (lines 166-171) (9 ms)
      ΓêÜ covers handleUpdateStatus catch block (lines 176-179) (7 ms)
    handleConfirmPickup (Lines 185-222)
      ΓêÜ covers past time validation (line 191-194) (12 ms)
      ├ù covers confirmPickupTime rejected (lines 211-214) (16 ms)
      ├ù covers confirmPickupTime success (lines 215-221) (17 ms)
    Timers and scrolls (Lines 71, 75, 254-257)
      ΓêÜ advances timers for scrolls (12 ms)
    Modals lifecycle (Lines 359-362, 370-375)
      ΓêÜ covers RefundModal onClose (15 ms)
      ΓêÜ covers TimePickerModal onClose (16 ms)
System.Management.Automation.RemoteException
  ΓùÅ SDKTable Component Coverage ΓÇ║ handleUpdateStatus (Lines 125-180) ΓÇ║ covers updateOrderStatus.rejected (lines 166-171)
System.Management.Automation.RemoteException
    expect(jest.fn()).toHaveBeenCalledWith(...expected)
System.Management.Automation.RemoteException
    Expected: "Kh├┤ng thß╗â cß║¡p nhß║¡t", "Mock Err", Any<Array>
    Received: "Kh├┤ng thß╗â cß║¡p nhß║¡t", "Mock Err"
System.Management.Automation.RemoteException
    Number of calls: 1
System.Management.Automation.RemoteException
    [0m [90m 236 |[39m             })[33m;[39m
     [90m 237 |[39m             
    [31m[1m>[22m[39m[90m 238 |[39m             expect([33mAlert[39m[33m.[39malert)[33m.[39mtoHaveBeenCalledWith([32m'Kh├┤ng thß╗â cß║¡p nhß║¡t'[39m[33m,[39m [32m'Mock Err'[39m[33m,[39m expect[33m.[39many([33mArray[39m))[33m;[39m
     [90m     |[39m                                 [31m[1m^[22m[39m
     [90m 239 |[39m         })[33m;[39m
     [90m 240 |[39m
     [90m 241 |[39m         it([32m'covers handleUpdateStatus catch block (lines 176-179)'[39m[33m,[39m [36masync[39m () [33m=>[39m {[0m
System.Management.Automation.RemoteException
      at Object.toHaveBeenCalledWith (src/components/KDSTable.test.tsx:238:33)
      at asyncGeneratorStep (node_modules/@babel/runtime/helpers/asyncToGenerator.js:3:17)
      at _next (node_modules/@babel/runtime/helpers/asyncToGenerator.js:17:9)
System.Management.Automation.RemoteException
  ΓùÅ SDKTable Component Coverage ΓÇ║ handleConfirmPickup (Lines 185-222) ΓÇ║ covers confirmPickupTime rejected (lines 211-214)
System.Management.Automation.RemoteException
    expect(jest.fn()).toHaveBeenCalledWith(...expected)
System.Management.Automation.RemoteException
    Expected: "Lß╗ùi", "API Fail", Any<Array>
    Received: "Lß╗ùi", "API Fail"
System.Management.Automation.RemoteException
    Number of calls: 1
System.Management.Automation.RemoteException
    [0m [90m 277 |[39m             [36mawait[39m act([36masync[39m () [33m=>[39m { fireEvent[33m.[39mpress(getByText([32m'ConfirmPickup'[39m))[33m;[39m })[33m;[39m
     [90m 278 |[39m             
    [31m[1m>[22m[39m[90m 279 |[39m             expect([33mAlert[39m[33m.[39malert)[33m.[39mtoHaveBeenCalledWith([32m'Lß╗ùi'[39m[33m,[39m [32m'API Fail'[39m[33m,[39m expect[33m.[39many([33mArray[39m))[33m;[39m
     [90m     |[39m                                 [31m[1m^[22m[39m
     [90m 280 |[39m         })[33m;[39m
     [90m 281 |[39m
     [90m 282 |[39m         it([32m'covers confirmPickupTime success (lines 215-221)'[39m[33m,[39m [36masync[39m () [33m=>[39m {[0m
System.Management.Automation.RemoteException
      at Object.toHaveBeenCalledWith (src/components/KDSTable.test.tsx:279:33)
      at asyncGeneratorStep (node_modules/@babel/runtime/helpers/asyncToGenerator.js:3:17)
      at _next (node_modules/@babel/runtime/helpers/asyncToGenerator.js:17:9)
System.Management.Automation.RemoteException
  ΓùÅ SDKTable Component Coverage ΓÇ║ handleConfirmPickup (Lines 185-222) ΓÇ║ covers confirmPickupTime success (lines 215-221)
System.Management.Automation.RemoteException
    expect(jest.fn()).toHaveBeenCalledWith(...expected)
System.Management.Automation.RemoteException
    Expected: "Th├ánh c├┤ng", Any<String>, Any<Array>
    Received: "Th├ánh c├┤ng", "─É├ú x├íc nhß║¡n giß╗¥ nhß║¡n h├áng"
System.Management.Automation.RemoteException
    Number of calls: 1
System.Management.Automation.RemoteException
    [0m [90m 288 |[39m             
     [90m 289 |[39m             [36mawait[39m act([36masync[39m () [33m=>[39m { fireEvent[33m.[39mpress(getByText([32m'ConfirmPickup'[39m))[33m;[39m })[33m;[39m
    [31m[1m>[22m[39m[90m 290 |[39m             expect([33mAlert[39m[33m.[39malert)[33m.[39mtoHaveBeenCalledWith([32m'Th├ánh c├┤ng'[39m[33m,[39m expect[33m.[39many([33mString[39m)[33m,[39m expect[33m.[39many([33mArray[39m))[33m;[39m
     [90m     |[39m                                 [31m[1m^[22m[39m
     [90m 291 |[39m         })[33m;[39m
     [90m 292 |[39m     })[33m;[39m
     [90m 293 |[39m[0m
System.Management.Automation.RemoteException
      at Object.toHaveBeenCalledWith (src/components/KDSTable.test.tsx:290:33)
      at asyncGeneratorStep (node_modules/@babel/runtime/helpers/asyncToGenerator.js:3:17)
      at _next (node_modules/@babel/runtime/helpers/asyncToGenerator.js:17:9)
System.Management.Automation.RemoteException
Test Suites: 1 failed, 1 total
Tests:       3 failed, 12 passed, 15 total
Snapshots:   0 total
Time:        0.993 s, estimated 1 s
Ran all test suites matching /src\\components\\KDSTable.test.tsx/i.
